title
"Avg: Memory: Per Core weighted by core-hour (bytes): by Decanal Unit"
parameters

"*Restricted To: User = Whimbrel"
start,end
2016-12-22,2017-01-01
---------
"Decanal Unit","Avg: Memory: Per Core weighted by core-hour (bytes)"
Unknown,551892085.7885988
---------
