title
"Avg: CPU User Imbalance: weighted by core-hour (%): by Application"
parameters

"*Restricted To: User = Whimbrel"
start,end
2016-12-22,2017-01-01
---------
Application,"Avg: CPU User Imbalance: weighted by core-hour (%)"
enzo,0.15346245747039997
---------
