title
"Avg: InfiniBand rate: Per Node weighted by node-hour (bytes/s): by User"
parameters

"*Restricted To: User = Whimbrel"
start,end
2016-12-22,2017-01-01
---------
User,"Avg: InfiniBand rate: Per Node weighted by node-hour (bytes/s)"
Whimbrel,562.9120025243561
---------
