title
"Wait Hours: Total: by PI Group"
parameters

start,end
2016-12-22,2017-01-01
---------
"PI Group","Wait Hours: Total"
Unknown,140.75305555555553
---------
