title
"Avg: Total Memory: Per Core weighted by core-hour (bytes): by Peak Memory Usage (%)"
parameters

"*Restricted To: User = Whimbrel"
start,end
2016-12-22,2017-01-01
---------
"Peak Memory Usage (%)","Avg: Total Memory: Per Core weighted by core-hour (bytes)"
"&lt; 10",4104107695.7919683
---------
