title
"CPU Hours: Idle: Total: by Catastrophe Rank"
parameters

"*Restricted To: User = Whimbrel"
start,end
2016-12-22,2017-01-01
---------
"Catastrophe Rank","CPU Hours: Idle: Total"
NA,0.4801979982880181
---------
