title
"Wait Hours: Total: by Resource"
parameters

start,end
2016-12-22,2017-01-01
---------
Resource,"Wait Hours: Total"
robertson,247917.5575
pozidriv,20964.2769
phillips,18829.9294
mortorq,18631.2298
frearson,2.3673
---------
