title
"Avg: CPU User Imbalance: weighted by core-hour (%): by User Institution"
parameters

"*Restricted To: User = Whimbrel"
start,end
2016-12-22,2017-01-01
---------
"User Institution","Avg: CPU User Imbalance: weighted by core-hour (%)"
"screw - Screwdriver",0.15346245747039997
---------
