title
"Wall Hours: Requested: Per Job: by Department"
parameters

start,end
2016-12-22,2017-01-01
---------
Department,"Wall Hours: Requested: Per Job"
Unknown,23.030952380952385
---------
