title
"CPU Hours: System: Total: by Job Size"
parameters

"*Restricted To: User = Whimbrel"
start,end
2016-12-22,2017-01-01
---------
"Job Size","CPU Hours: System: Total"
"33 - 64",0.43109840030672986
---------
