title
"Wait Hours: Per Job: by Datasource"
parameters

"*Restricted To: User = Whimbrel"
start,end
2016-12-22,2017-01-01
---------
Datasource,"Wait Hours: Per Job"
pcp,2.6
---------
