title
"Avg CPU %: User: weighted by core-hour: by Exit Status"
parameters

"*Restricted To: User = Whimbrel"
start,end
2016-12-22,2017-01-01
---------
"Exit Status","Avg CPU %: User: weighted by core-hour"
COMPLETED,99.63685223974439
---------
