title
"Avg: InfiniBand rate: Per Node weighted by node-hour (bytes/s): by CPU User Value"
parameters

start,end
2016-12-22,2017-01-01
---------
"CPU User Value","Avg: InfiniBand rate: Per Node weighted by node-hour (bytes/s)"
"&lt; 10",19.229986951880115
"&gt; 90",532.5754608933388
---------
