title
"Avg: CPI: Per Core weighted by core-hour: by Department"
parameters

"*Restricted To: User = Whimbrel"
start,end
2016-12-22,2017-01-01
---------
Department,"Avg: CPI: Per Core weighted by core-hour"
Unknown,0.6794453050304665
---------
