title
"Avg: CPI: Per Core weighted by core-hour: by panasas bytes received"
parameters

"*Restricted To: User = Whimbrel"
start,end
2016-12-22,2017-01-01
---------
"panasas bytes received","Avg: CPI: Per Core weighted by core-hour"
NA,0.6794453050304665
---------
