title
"Avg CPU %: User: weighted by core-hour: by PI"
parameters

"*Restricted To: User = Whimbrel"
start,end
2016-12-22,2017-01-01
---------
PI,"Avg CPU %: User: weighted by core-hour"
"White, Great",99.63685223974439
---------
