title
"Avg: Memory Bandwidth: Per Core weighted by core-hour (bytes/s)"
parameters

"*Restricted To: User = Whimbrel"
start,end
2016-12-22,2017-01-01
---------
Summary,"Avg: Memory Bandwidth: Per Core weighted by core-hour (bytes/s)"
SUPREMM,34129588.90402918
---------
