title
"Avg: block sda write ops rate: Per Node weighted by node-hour (ops/s): by InfiniBand Receive rate"
parameters

"*Restricted To: User = Whimbrel"
start,end
2016-12-22,2017-01-01
---------
"InfiniBand Receive rate","Avg: block sda write ops rate: Per Node weighted by node-hour (ops/s)"
"100 - 1k",1.7895055154551072
---------
