title
"Avg: Memory Bandwidth: Per Core weighted by core-hour (bytes/s): by PI"
parameters

"*Restricted To: User = Whimbrel"
start,end
2016-12-22,2017-01-01
---------
PI,"Avg: Memory Bandwidth: Per Core weighted by core-hour (bytes/s)"
"White, Great",34129588.90402918
---------
