title
"Avg: InfiniBand rate: Per Node weighted by node-hour (bytes/s): by Datasource"
parameters

"*Restricted To: User = Whimbrel"
start,end
2016-12-22,2017-01-01
---------
Datasource,"Avg: InfiniBand rate: Per Node weighted by node-hour (bytes/s)"
pcp,562.9120025243561
---------
