title
"CPU Hours: Idle: Total: by Queue"
parameters

"*Restricted To: User = Whimbrel"
start,end
2016-12-22,2017-01-01
---------
Queue,"CPU Hours: Idle: Total"
chapti,0.4801979982880181
---------
