title
"Wait Hours: Total: by Application"
parameters

"*Restricted To: User = Whimbrel"
start,end
2016-12-22,2017-01-01
---------
Application,"Wait Hours: Total"
enzo,2.6
---------
