title
"CPU Hours: User: Total: by Department"
parameters

"*Restricted To: User = Whimbrel"
start,end
2016-12-22,2017-01-01
---------
Department,"CPU Hours: User: Total"
Unknown,252.60931148342394
---------
