title
"CPU Hours: Per Job: by PI"
parameters

start,end
2016-12-22,2017-01-01
---------
Quarter,"[Scaup, Lesser] CPU Hours: Per Job","[Thrush, Hermit] CPU Hours: Per Job","[Fieldfare] CPU Hours: Per Job","[Smew] CPU Hours: Per Job","[Nuthatch] CPU Hours: Per Job","[Bunting, Ortolan] CPU Hours: Per Job","[Warbler, Savi's] CPU Hours: Per Job","[Dotterel] CPU Hours: Per Job","[White, Great] CPU Hours: Per Job","[Gull, Yellow-legged] CPU Hours: Per Job","[Warbler, Blackpoll] CPU Hours: Per Job","[Kestrel, Lesser] CPU Hours: Per Job","[Bluetail, Red-flanked] CPU Hours: Per Job","[Chaffinch] CPU Hours: Per Job","[Accentor, Alpine] CPU Hours: Per Job","[Shearwater, Balearic] CPU Hours: Per Job","[Jackdaw] CPU Hours: Per Job","[Warbler, Hooded] CPU Hours: Per Job","[Swift, Little] CPU Hours: Per Job","[Fulmar] CPU Hours: Per Job","[Shearwater, Great] CPU Hours: Per Job","[Petrel, Fea's] CPU Hours: Per Job","[Martin, Sand] CPU Hours: Per Job","[Bufflehead] CPU Hours: Per Job","[Gull, Glaucous-winged] CPU Hours: Per Job","[Egret, Snowy] CPU Hours: Per Job","[Goose, Red-breasted] CPU Hours: Per Job","[Chiffchaff, Iberian] CPU Hours: Per Job","[Moorhen] CPU Hours: Per Job","[Tern, Caspian] CPU Hours: Per Job","[Lark, Calandra] CPU Hours: Per Job","[Shearwater, Macaronesian] CPU Hours: Per Job","[Dunlin] CPU Hours: Per Job","[Spotted, Great] CPU Hours: Per Job","[Harrier, Hen] CPU Hours: Per Job","[Flycatcher, Taiga] CPU Hours: Per Job","[Blackbird] CPU Hours: Per Job","[Yellowthroat, Common] CPU Hours: Per Job","[Dowitcher, Short-billed] CPU Hours: Per Job","[Bittern] CPU Hours: Per Job","[Warbler, Cetti's] CPU Hours: Per Job"
"2016 Q4",7012.77516471,4368.65776667,4514.85177188,2627.28571429,1767.64000000,1233.32807500,1006.98780000,960.13330000,1254.11109333,1441.02220000,529.63776667,467.04520000,564.66363585,1530.62128333,385.99422222,229.08605000,183.58788939,220.83036207,189.64306667,107.22307917,72.00690000,68.10298667,76.40201250,48.78754429,28.14000000,2.35898750,26.97443478,19.84069010,23.01869447,17.62892323,9.52177914,8.59051570,6.47641000,5.98691000,5.04208500,3.66205629,1.60992143,1.04000000,0.97276250,1.45671522,0.44956008
"2017 Q1",7.11888750,0,144.95893500,0,0,667.69662857,0,0,353.78483333,3.46670000,0,60.55280000,104.22445106,62.83500370,198.70750000,0,59.99212000,68.79178571,21.40560000,141.00408571,0,0,5.71665000,13.34548511,0,25.37237088,8.24474400,35.25860000,11.50595298,185.80670000,16.76614975,0,6.26263885,0,0,0.60771390,0,0,0.96969286,0.02809516,0
---------
