title
"Avg: block sda write ops rate: Per Node weighted by node-hour (ops/s): by Decanal Unit"
parameters

"*Restricted To: User = Whimbrel"
start,end
2016-12-22,2017-01-01
---------
"Decanal Unit","Avg: block sda write ops rate: Per Node weighted by node-hour (ops/s)"
Unknown,1.7895055154551072
---------
