title
"Avg: block sda write ops rate: Per Node weighted by node-hour (ops/s): by Granted Processing Element"
parameters

"*Restricted To: User = Whimbrel"
start,end
2016-12-22,2017-01-01
---------
"Granted Processing Element","Avg: block sda write ops rate: Per Node weighted by node-hour (ops/s)"
36,1.7895055154551072
---------
