title
"Avg: Memory Bandwidth: Per Core weighted by core-hour (bytes/s): by Share Mode"
parameters

"*Restricted To: User = Whimbrel"
start,end
2016-12-22,2017-01-01
---------
"Share Mode","Avg: Memory Bandwidth: Per Core weighted by core-hour (bytes/s)"
Exclusive,34129588.90402918
---------
