title
"Avg: Memory Bandwidth: Per Core weighted by core-hour (bytes/s): by Decanal Unit"
parameters

start,end
2016-12-22,2017-01-01
---------
"Decanal Unit","Avg: Memory Bandwidth: Per Core weighted by core-hour (bytes/s)"
Unknown,91093984.39873049
---------
