title
"Wall Hours: Per Job: by isilon bytes received"
parameters

"*Restricted To: User = Whimbrel"
start,end
2016-12-22,2017-01-01
---------
"isilon bytes received","Wall Hours: Per Job"
NA,7.0425
---------
