title
"CPU Hours: User: Total: by Queue"
parameters

"*Restricted To: User = Whimbrel"
start,end
2016-12-22,2017-01-01
---------
Queue,"CPU Hours: User: Total"
chapti,252.60931148342394
---------
