title
"Wall Hours: Requested: Total: by CPU User Value"
parameters

"*Restricted To: User = Whimbrel"
start,end
2016-12-22,2017-01-01
---------
"CPU User Value","Wall Hours: Requested: Total"
"&gt; 90",7.333333333333333
---------
