title
"Number of Jobs Submitted: by Peak Memory Usage (%)"
parameters

"*Restricted To: User = Whimbrel"
start,end
2016-12-22,2017-01-01
---------
"Peak Memory Usage (%)","Number of Jobs Submitted"
"&lt; 10",1
---------
