title
"Avg: block sda write rate: Per Node weighted by node-hour (bytes/s)"
parameters

"*Restricted To: PI = Tern, C OR User = Tern, C"
start,end
2016-12-22,2017-01-01
---------
Summary,"Avg: block sda write rate: Per Node weighted by node-hour (bytes/s)"
SUPREMM,
---------
