title
"Avg: gpfs transmit rate: Per Node weighted by node-hour (bytes/s): by Decanal Unit"
parameters

start,end
2016-12-22,2017-01-01
---------
"Decanal Unit","Avg: gpfs transmit rate: Per Node weighted by node-hour (bytes/s)"
Unknown,2408.9458290687694
---------
