title
"CPU Hours: Total: by isilon bytes received"
parameters

"*Restricted To: User = Whimbrel"
start,end
2016-12-22,2017-01-01
---------
"isilon bytes received","CPU Hours: Total"
NA,253.53
---------
